// Jest Snapshot v1, https://goo.gl/fbAQLP

exports[`when MoviePoster then snapshot created 1`] = `
<img
  alt="image"
  className="movie-logo"
  onClick={[MockFunction]}
  onError={[Function]}
  onKeyDown={[MockFunction]}
  role="presentation"
  src="https://upload.wikimedia.org/wikipedia/commons/4/47/PNG_transparency_demonstration_1.png"
/>
`;
