// Jest Snapshot v1, https://goo.gl/fbAQLP

exports[`when Multi Select Input then snapshot created 1`] = `
Array [
  <label
    className="genres"
    htmlFor="genres"
    id="malty"
  >
    title
    <div
      className="go2139093995 multi-select"
    >
      <div
        aria-expanded={false}
        aria-labelledby="malty"
        aria-readonly={true}
        className="go2646822163 dropdown-container"
        onBlur={[Function]}
        onFocus={[Function]}
        onKeyDown={[Function]}
        onMouseEnter={[Function]}
        onMouseLeave={[Function]}
        tabIndex={0}
      >
        <div
          className="go2642161244 dropdown-heading"
          onClick={[Function]}
        >
          <div
            className="dropdown-heading-value"
          >
            <span>
              Comedy, Horror, Documentary
            </span>
          </div>
          <img
            alt="arrow_down"
            className="arrow"
            src="/images/arrow_down.png"
          />
        </div>
      </div>
    </div>
  </label>,
  <p
    className="input-error"
  >
    error
  </p>,
]
`;
